// Jest Snapshot v1, https://goo.gl/fbAQLP

exports[`Engine renders stats to canvas 1`] = `
Array [
  Object {
    "props": Object {
      "maxWidth": null,
      "text": "frame: 0",
      "x": -100,
      "y": -60,
    },
    "transform": Array [
      1,
      0,
      0,
      1,
      0,
      0,
    ],
    "type": "fillText",
  },
  Object {
    "props": Object {
      "maxWidth": null,
      "text": "fps: 0",
      "x": -100,
      "y": -50,
    },
    "transform": Array [
      1,
      0,
      0,
      1,
      0,
      0,
    ],
    "type": "fillText",
  },
  Object {
    "props": Object {
      "maxWidth": null,
      "text": "update: 0ms",
      "x": -100,
      "y": -40,
    },
    "transform": Array [
      1,
      0,
      0,
      1,
      0,
      0,
    ],
    "type": "fillText",
  },
  Object {
    "props": Object {
      "maxWidth": null,
      "text": "draw: 0ms",
      "x": -100,
      "y": -30,
    },
    "transform": Array [
      1,
      0,
      0,
      1,
      0,
      0,
    ],
    "type": "fillText",
  },
]
`;
